fatal: Not a git repository (or any of the parent directories): .git
$ git init


fatal: remote origin already exists.
$ git remote rm origin

git remote add origin https://github.com/LindaLovelace/test1.git
git push -u origin master


error: src refspec master does not match any.
error: failed to push some refs to 'git@github.com/LindaLovelace/test.git'
$

fatal: 'git@github.com/LindaLovelace/test1.git' does not appear to be a git repository
fatal: Could not read from remote repository.

Please make sure you have the correct access rights
and the repository exists.
$


使用 Curl 通过 Api 管理 Github 的库
$ curl -u 'LindaLovelace' https://api.github.com/user/repos -d '{"name":"test1"}'

$ git show-ref

down vote
accepted
From git branch it appears that somehow your local branch name is "origin".

You can rename the branch with -mv flag, like this:

git branch -mv origin master



git merge test

git rebase master 來將 cat branch 基於 master branch 做 rebase。

GUI
$ gitk --all
